[2026-03-25T16:49:47.502+0000] {manager.py:483} INFO - Processing files using up to 2 processes at a time 
[2026-03-25T16:49:47.503+0000] {manager.py:484} INFO - Process each file at most once every 30 seconds
[2026-03-25T16:49:47.504+0000] {manager.py:485} INFO - Checking for new files in /opt/airflow/dags every 300 seconds
[2026-03-25T16:49:47.504+0000] {manager.py:821} INFO - Searching for files in /opt/airflow/dags
[2026-03-25T16:49:47.508+0000] {manager.py:824} INFO - There are 0 files in /opt/airflow/dags
[2026-03-25T16:54:47.847+0000] {manager.py:821} INFO - Searching for files in /opt/airflow/dags
[2026-03-25T16:54:47.850+0000] {manager.py:824} INFO - There are 0 files in /opt/airflow/dags
[2026-03-25T16:59:48.175+0000] {manager.py:821} INFO - Searching for files in /opt/airflow/dags
[2026-03-25T16:59:48.179+0000] {manager.py:824} INFO - There are 0 files in /opt/airflow/dags
[2026-03-25T17:04:48.693+0000] {manager.py:821} INFO - Searching for files in /opt/airflow/dags
[2026-03-25T17:04:48.698+0000] {manager.py:824} INFO - There are 0 files in /opt/airflow/dags
[2026-03-25T17:09:49.143+0000] {manager.py:821} INFO - Searching for files in /opt/airflow/dags
[2026-03-25T17:09:49.147+0000] {manager.py:824} INFO - There are 0 files in /opt/airflow/dags
[2026-03-25T17:14:49.463+0000] {manager.py:821} INFO - Searching for files in /opt/airflow/dags
[2026-03-25T17:14:49.467+0000] {manager.py:824} INFO - There are 0 files in /opt/airflow/dags
[2026-03-25T17:19:49.791+0000] {manager.py:821} INFO - Searching for files in /opt/airflow/dags
[2026-03-25T17:19:49.794+0000] {manager.py:824} INFO - There are 0 files in /opt/airflow/dags
[2026-03-25T17:24:50.091+0000] {manager.py:821} INFO - Searching for files in /opt/airflow/dags
[2026-03-25T17:24:50.094+0000] {manager.py:824} INFO - There are 0 files in /opt/airflow/dags
[2026-03-25T17:29:50.387+0000] {manager.py:821} INFO - Searching for files in /opt/airflow/dags
[2026-03-25T17:29:50.390+0000] {manager.py:824} INFO - There are 0 files in /opt/airflow/dags
[2026-03-25T17:34:50.639+0000] {manager.py:821} INFO - Searching for files in /opt/airflow/dags
[2026-03-25T17:34:50.642+0000] {manager.py:824} INFO - There are 0 files in /opt/airflow/dags
[2026-03-25T17:39:50.928+0000] {manager.py:821} INFO - Searching for files in /opt/airflow/dags
[2026-03-25T17:39:50.931+0000] {manager.py:824} INFO - There are 0 files in /opt/airflow/dags
[2026-03-25T17:44:51.226+0000] {manager.py:821} INFO - Searching for files in /opt/airflow/dags
[2026-03-25T17:44:51.229+0000] {manager.py:824} INFO - There are 0 files in /opt/airflow/dags
[2026-03-25T17:49:51.605+0000] {manager.py:821} INFO - Searching for files in /opt/airflow/dags
[2026-03-25T17:49:51.610+0000] {manager.py:824} INFO - There are 0 files in /opt/airflow/dags
[2026-03-25T17:54:51.973+0000] {manager.py:821} INFO - Searching for files in /opt/airflow/dags
[2026-03-25T17:54:51.976+0000] {manager.py:824} INFO - There are 0 files in /opt/airflow/dags
[2026-03-25T17:59:52.344+0000] {manager.py:821} INFO - Searching for files in /opt/airflow/dags
[2026-03-25T17:59:52.347+0000] {manager.py:824} INFO - There are 0 files in /opt/airflow/dags
[2026-03-25T18:04:52.688+0000] {manager.py:821} INFO - Searching for files in /opt/airflow/dags
[2026-03-25T18:04:52.691+0000] {manager.py:824} INFO - There are 0 files in /opt/airflow/dags
[2026-03-25T18:09:53.049+0000] {manager.py:821} INFO - Searching for files in /opt/airflow/dags
[2026-03-25T18:09:53.052+0000] {manager.py:824} INFO - There are 0 files in /opt/airflow/dags
[2026-03-25T18:14:53.427+0000] {manager.py:821} INFO - Searching for files in /opt/airflow/dags
[2026-03-25T18:14:53.430+0000] {manager.py:824} INFO - There are 0 files in /opt/airflow/dags
[2026-03-25T18:19:53.810+0000] {manager.py:821} INFO - Searching for files in /opt/airflow/dags
[2026-03-25T18:19:53.813+0000] {manager.py:824} INFO - There are 0 files in /opt/airflow/dags
[2026-03-25T18:24:54.148+0000] {manager.py:821} INFO - Searching for files in /opt/airflow/dags
[2026-03-25T18:24:54.152+0000] {manager.py:824} INFO - There are 0 files in /opt/airflow/dags
[2026-03-25T18:29:54.527+0000] {manager.py:821} INFO - Searching for files in /opt/airflow/dags
[2026-03-25T18:29:54.531+0000] {manager.py:824} INFO - There are 0 files in /opt/airflow/dags
[2026-03-25T18:34:54.906+0000] {manager.py:821} INFO - Searching for files in /opt/airflow/dags
[2026-03-25T18:34:54.909+0000] {manager.py:824} INFO - There are 0 files in /opt/airflow/dags
[2026-03-25T18:39:55.275+0000] {manager.py:821} INFO - Searching for files in /opt/airflow/dags
[2026-03-25T18:39:55.278+0000] {manager.py:824} INFO - There are 0 files in /opt/airflow/dags
[2026-03-25T18:44:55.573+0000] {manager.py:821} INFO - Searching for files in /opt/airflow/dags
[2026-03-25T18:44:55.576+0000] {manager.py:824} INFO - There are 0 files in /opt/airflow/dags
[2026-03-25T18:49:55.868+0000] {manager.py:821} INFO - Searching for files in /opt/airflow/dags
[2026-03-25T18:49:55.872+0000] {manager.py:824} INFO - There are 0 files in /opt/airflow/dags
[2026-03-25T18:54:56.160+0000] {manager.py:821} INFO - Searching for files in /opt/airflow/dags
[2026-03-25T18:54:56.163+0000] {manager.py:824} INFO - There are 0 files in /opt/airflow/dags
[2026-03-25T18:59:56.424+0000] {manager.py:821} INFO - Searching for files in /opt/airflow/dags
[2026-03-25T18:59:56.427+0000] {manager.py:824} INFO - There are 0 files in /opt/airflow/dags
[2026-03-25T19:04:56.751+0000] {manager.py:821} INFO - Searching for files in /opt/airflow/dags
[2026-03-25T19:04:56.755+0000] {manager.py:824} INFO - There are 0 files in /opt/airflow/dags
[2026-03-25T19:09:57.084+0000] {manager.py:821} INFO - Searching for files in /opt/airflow/dags
[2026-03-25T19:09:57.088+0000] {manager.py:824} INFO - There are 0 files in /opt/airflow/dags
[2026-03-25T19:14:57.438+0000] {manager.py:821} INFO - Searching for files in /opt/airflow/dags
[2026-03-25T19:14:57.442+0000] {manager.py:824} INFO - There are 0 files in /opt/airflow/dags
[2026-03-25T19:19:57.804+0000] {manager.py:821} INFO - Searching for files in /opt/airflow/dags
[2026-03-25T19:19:57.807+0000] {manager.py:824} INFO - There are 0 files in /opt/airflow/dags
[2026-03-25T19:24:58.165+0000] {manager.py:821} INFO - Searching for files in /opt/airflow/dags
[2026-03-25T19:24:58.170+0000] {manager.py:824} INFO - There are 0 files in /opt/airflow/dags
[2026-03-25T19:29:58.549+0000] {manager.py:821} INFO - Searching for files in /opt/airflow/dags
[2026-03-25T19:29:58.552+0000] {manager.py:824} INFO - There are 0 files in /opt/airflow/dags
[2026-03-25T19:34:58.981+0000] {manager.py:821} INFO - Searching for files in /opt/airflow/dags
[2026-03-25T19:34:58.985+0000] {manager.py:824} INFO - There are 0 files in /opt/airflow/dags
[2026-03-25T19:39:59.369+0000] {manager.py:821} INFO - Searching for files in /opt/airflow/dags
[2026-03-25T19:39:59.372+0000] {manager.py:824} INFO - There are 0 files in /opt/airflow/dags
[2026-03-25T19:44:59.756+0000] {manager.py:821} INFO - Searching for files in /opt/airflow/dags
[2026-03-25T19:44:59.759+0000] {manager.py:824} INFO - There are 0 files in /opt/airflow/dags
[2026-03-25T19:50:00.143+0000] {manager.py:821} INFO - Searching for files in /opt/airflow/dags
[2026-03-25T19:50:00.147+0000] {manager.py:824} INFO - There are 0 files in /opt/airflow/dags
[2026-03-25T19:55:00.533+0000] {manager.py:821} INFO - Searching for files in /opt/airflow/dags
[2026-03-25T19:55:00.536+0000] {manager.py:824} INFO - There are 0 files in /opt/airflow/dags
[2026-03-25T20:00:00.904+0000] {manager.py:821} INFO - Searching for files in /opt/airflow/dags
[2026-03-25T20:00:00.907+0000] {manager.py:824} INFO - There are 0 files in /opt/airflow/dags
[2026-03-25T20:05:01.241+0000] {manager.py:821} INFO - Searching for files in /opt/airflow/dags
[2026-03-25T20:05:01.245+0000] {manager.py:824} INFO - There are 0 files in /opt/airflow/dags
[2026-03-25T20:10:01.570+0000] {manager.py:821} INFO - Searching for files in /opt/airflow/dags
[2026-03-25T20:10:01.573+0000] {manager.py:824} INFO - There are 0 files in /opt/airflow/dags
[2026-03-25T20:15:01.867+0000] {manager.py:821} INFO - Searching for files in /opt/airflow/dags
[2026-03-25T20:15:01.870+0000] {manager.py:824} INFO - There are 0 files in /opt/airflow/dags
[2026-03-25T20:20:02.202+0000] {manager.py:821} INFO - Searching for files in /opt/airflow/dags
[2026-03-25T20:20:02.205+0000] {manager.py:824} INFO - There are 0 files in /opt/airflow/dags
[2026-04-12T09:43:48.382+0000] {manager.py:483} INFO - Processing files using up to 2 processes at a time 
[2026-04-12T09:43:48.383+0000] {manager.py:484} INFO - Process each file at most once every 30 seconds
[2026-04-12T09:43:48.384+0000] {manager.py:485} INFO - Checking for new files in /opt/airflow/dags every 300 seconds
[2026-04-12T09:43:48.385+0000] {manager.py:821} INFO - Searching for files in /opt/airflow/dags
[2026-04-12T09:43:48.389+0000] {manager.py:824} INFO - There are 0 files in /opt/airflow/dags
[2026-04-12T09:48:48.918+0000] {manager.py:821} INFO - Searching for files in /opt/airflow/dags
[2026-04-12T09:48:48.922+0000] {manager.py:824} INFO - There are 0 files in /opt/airflow/dags
[2026-04-12T09:53:49.374+0000] {manager.py:821} INFO - Searching for files in /opt/airflow/dags
[2026-04-12T09:53:49.378+0000] {manager.py:824} INFO - There are 0 files in /opt/airflow/dags
[2026-04-12T09:58:49.888+0000] {manager.py:821} INFO - Searching for files in /opt/airflow/dags
[2026-04-12T09:58:49.893+0000] {manager.py:824} INFO - There are 0 files in /opt/airflow/dags
[2026-04-12T10:03:50.733+0000] {manager.py:821} INFO - Searching for files in /opt/airflow/dags
[2026-04-12T10:03:50.738+0000] {manager.py:824} INFO - There are 0 files in /opt/airflow/dags
[2026-04-12T10:08:51.364+0000] {manager.py:821} INFO - Searching for files in /opt/airflow/dags
[2026-04-12T10:08:51.368+0000] {manager.py:824} INFO - There are 0 files in /opt/airflow/dags
[2026-04-12T10:13:51.955+0000] {manager.py:821} INFO - Searching for files in /opt/airflow/dags
[2026-04-12T10:13:51.959+0000] {manager.py:824} INFO - There are 0 files in /opt/airflow/dags
[2026-04-12T10:18:52.636+0000] {manager.py:821} INFO - Searching for files in /opt/airflow/dags
[2026-04-12T10:18:52.639+0000] {manager.py:824} INFO - There are 0 files in /opt/airflow/dags
[2026-04-12T10:23:53.312+0000] {manager.py:821} INFO - Searching for files in /opt/airflow/dags
[2026-04-12T10:23:53.317+0000] {manager.py:824} INFO - There are 0 files in /opt/airflow/dags
[2026-04-12T10:28:53.611+0000] {manager.py:821} INFO - Searching for files in /opt/airflow/dags
[2026-04-12T10:28:53.621+0000] {manager.py:824} INFO - There are 0 files in /opt/airflow/dags
[2026-04-12T10:33:54.239+0000] {manager.py:821} INFO - Searching for files in /opt/airflow/dags
[2026-04-12T10:33:54.243+0000] {manager.py:824} INFO - There are 0 files in /opt/airflow/dags
[2026-04-12T10:38:54.940+0000] {manager.py:821} INFO - Searching for files in /opt/airflow/dags
[2026-04-12T10:38:54.950+0000] {manager.py:824} INFO - There are 0 files in /opt/airflow/dags
[2026-04-12T10:43:55.892+0000] {manager.py:821} INFO - Searching for files in /opt/airflow/dags
[2026-04-12T10:43:55.896+0000] {manager.py:824} INFO - There are 0 files in /opt/airflow/dags
[2026-04-13T09:26:51.240+0000] {manager.py:483} INFO - Processing files using up to 2 processes at a time 
[2026-04-13T09:26:51.241+0000] {manager.py:484} INFO - Process each file at most once every 30 seconds
[2026-04-13T09:26:51.241+0000] {manager.py:485} INFO - Checking for new files in /opt/airflow/dags every 300 seconds
[2026-04-13T09:26:51.242+0000] {manager.py:821} INFO - Searching for files in /opt/airflow/dags
[2026-04-13T09:26:51.245+0000] {manager.py:824} INFO - There are 0 files in /opt/airflow/dags
[2026-04-13T09:31:51.640+0000] {manager.py:821} INFO - Searching for files in /opt/airflow/dags
[2026-04-13T09:31:51.643+0000] {manager.py:824} INFO - There are 0 files in /opt/airflow/dags
[2026-04-13T09:36:52.296+0000] {manager.py:821} INFO - Searching for files in /opt/airflow/dags
[2026-04-13T09:36:52.316+0000] {manager.py:824} INFO - There are 0 files in /opt/airflow/dags
[2026-04-13T09:41:53.035+0000] {manager.py:821} INFO - Searching for files in /opt/airflow/dags
[2026-04-13T09:41:53.040+0000] {manager.py:824} INFO - There are 0 files in /opt/airflow/dags
[2026-04-13T09:46:53.754+0000] {manager.py:821} INFO - Searching for files in /opt/airflow/dags
[2026-04-13T09:46:53.758+0000] {manager.py:824} INFO - There are 0 files in /opt/airflow/dags
[2026-04-13T09:51:54.745+0000] {manager.py:821} INFO - Searching for files in /opt/airflow/dags
[2026-04-13T09:51:54.749+0000] {manager.py:824} INFO - There are 0 files in /opt/airflow/dags
[2026-04-13T09:56:55.668+0000] {manager.py:821} INFO - Searching for files in /opt/airflow/dags
[2026-04-13T09:56:55.671+0000] {manager.py:824} INFO - There are 0 files in /opt/airflow/dags
[2026-04-13T10:01:55.704+0000] {manager.py:821} INFO - Searching for files in /opt/airflow/dags
[2026-04-13T10:01:55.707+0000] {manager.py:824} INFO - There are 0 files in /opt/airflow/dags
[2026-04-13T10:06:56.582+0000] {manager.py:821} INFO - Searching for files in /opt/airflow/dags
[2026-04-13T10:06:56.586+0000] {manager.py:824} INFO - There are 0 files in /opt/airflow/dags
[2026-04-13T10:11:56.751+0000] {manager.py:821} INFO - Searching for files in /opt/airflow/dags
[2026-04-13T10:11:56.755+0000] {manager.py:824} INFO - There are 0 files in /opt/airflow/dags
[2026-04-13T10:16:56.819+0000] {manager.py:821} INFO - Searching for files in /opt/airflow/dags
[2026-04-13T10:16:56.823+0000] {manager.py:824} INFO - There are 0 files in /opt/airflow/dags
[2026-04-13T10:21:56.982+0000] {manager.py:821} INFO - Searching for files in /opt/airflow/dags
[2026-04-13T10:21:56.986+0000] {manager.py:824} INFO - There are 0 files in /opt/airflow/dags
[2026-04-13T10:26:57.061+0000] {manager.py:821} INFO - Searching for files in /opt/airflow/dags
[2026-04-13T10:26:57.066+0000] {manager.py:824} INFO - There are 0 files in /opt/airflow/dags
[2026-04-13T10:31:57.126+0000] {manager.py:821} INFO - Searching for files in /opt/airflow/dags
[2026-04-13T10:31:57.130+0000] {manager.py:824} INFO - There are 0 files in /opt/airflow/dags
[2026-04-13T10:36:57.134+0000] {manager.py:821} INFO - Searching for files in /opt/airflow/dags
[2026-04-13T10:36:57.138+0000] {manager.py:824} INFO - There are 0 files in /opt/airflow/dags
[2026-04-13T10:41:57.219+0000] {manager.py:821} INFO - Searching for files in /opt/airflow/dags
[2026-04-13T10:41:57.223+0000] {manager.py:824} INFO - There are 0 files in /opt/airflow/dags
[2026-04-13T10:46:57.402+0000] {manager.py:821} INFO - Searching for files in /opt/airflow/dags
[2026-04-13T10:46:57.407+0000] {manager.py:824} INFO - There are 0 files in /opt/airflow/dags
[2026-04-13T10:51:57.542+0000] {manager.py:821} INFO - Searching for files in /opt/airflow/dags
[2026-04-13T10:51:57.546+0000] {manager.py:824} INFO - There are 0 files in /opt/airflow/dags
[2026-04-13T10:56:57.616+0000] {manager.py:821} INFO - Searching for files in /opt/airflow/dags
[2026-04-13T10:56:57.620+0000] {manager.py:824} INFO - There are 0 files in /opt/airflow/dags
[2026-04-13T11:01:57.817+0000] {manager.py:821} INFO - Searching for files in /opt/airflow/dags
[2026-04-13T11:01:57.821+0000] {manager.py:824} INFO - There are 0 files in /opt/airflow/dags
[2026-04-13T11:06:58.059+0000] {manager.py:821} INFO - Searching for files in /opt/airflow/dags
[2026-04-13T11:06:58.063+0000] {manager.py:824} INFO - There are 0 files in /opt/airflow/dags
[2026-04-13T11:11:58.980+0000] {manager.py:821} INFO - Searching for files in /opt/airflow/dags
[2026-04-13T11:11:58.985+0000] {manager.py:824} INFO - There are 0 files in /opt/airflow/dags
[2026-04-13T11:16:59.899+0000] {manager.py:821} INFO - Searching for files in /opt/airflow/dags
[2026-04-13T11:16:59.902+0000] {manager.py:824} INFO - There are 0 files in /opt/airflow/dags
[2026-04-13T11:22:00.195+0000] {manager.py:821} INFO - Searching for files in /opt/airflow/dags
[2026-04-13T11:22:00.199+0000] {manager.py:824} INFO - There are 0 files in /opt/airflow/dags
[2026-04-13T11:27:00.416+0000] {manager.py:821} INFO - Searching for files in /opt/airflow/dags
[2026-04-13T11:27:00.419+0000] {manager.py:824} INFO - There are 0 files in /opt/airflow/dags
[2026-04-13T11:32:00.572+0000] {manager.py:821} INFO - Searching for files in /opt/airflow/dags
[2026-04-13T11:32:00.576+0000] {manager.py:824} INFO - There are 0 files in /opt/airflow/dags
[2026-04-14T16:12:44.256+0000] {manager.py:483} INFO - Processing files using up to 2 processes at a time 
[2026-04-14T16:12:44.258+0000] {manager.py:484} INFO - Process each file at most once every 30 seconds
[2026-04-14T16:12:44.258+0000] {manager.py:485} INFO - Checking for new files in /opt/airflow/dags every 300 seconds
[2026-04-14T16:12:44.259+0000] {manager.py:821} INFO - Searching for files in /opt/airflow/dags
[2026-04-14T16:12:44.267+0000] {manager.py:824} INFO - There are 1 files in /opt/airflow/dags
[2026-04-14T16:12:44.354+0000] {manager.py:997} INFO - 
================================================================================
DAG File Processing Stats

File Path                                  PID  Runtime      # DAGs    # Errors  Last Runtime    Last Run      Last # of DB Queries
---------------------------------------  -----  ---------  --------  ----------  --------------  ----------  ----------------------
/opt/airflow/dags/professor_pipeline.py    175  0.03s             0           0                                                   0
================================================================================
[2026-04-14T16:13:14.630+0000] {manager.py:997} INFO - 
================================================================================
DAG File Processing Stats

File Path                                PID    Runtime      # DAGs    # Errors  Last Runtime    Last Run               Last # of DB Queries
---------------------------------------  -----  ---------  --------  ----------  --------------  -------------------  ----------------------
/opt/airflow/dags/professor_pipeline.py                           1           0  0.34s           2026-04-14T16:12:44                      26
================================================================================
[2026-04-14T16:13:45.235+0000] {manager.py:997} INFO - 
================================================================================
DAG File Processing Stats

File Path                                  PID  Runtime      # DAGs    # Errors  Last Runtime    Last Run               Last # of DB Queries
---------------------------------------  -----  ---------  --------  ----------  --------------  -------------------  ----------------------
/opt/airflow/dags/professor_pipeline.py    230  0.01s             1           0  0.12s           2026-04-14T16:13:15                      12
================================================================================
[2026-04-14T16:14:15.628+0000] {manager.py:997} INFO - 
================================================================================
DAG File Processing Stats

File Path                                  PID  Runtime      # DAGs    # Errors  Last Runtime    Last Run               Last # of DB Queries
---------------------------------------  -----  ---------  --------  ----------  --------------  -------------------  ----------------------
/opt/airflow/dags/professor_pipeline.py    235  0.00s             1           0  0.13s           2026-04-14T16:13:45                      12
================================================================================
[2026-04-14T16:14:45.929+0000] {manager.py:997} INFO - 
================================================================================
DAG File Processing Stats

File Path                                  PID  Runtime      # DAGs    # Errors  Last Runtime    Last Run               Last # of DB Queries
---------------------------------------  -----  ---------  --------  ----------  --------------  -------------------  ----------------------
/opt/airflow/dags/professor_pipeline.py    241  0.01s             1           0  0.11s           2026-04-14T16:14:15                      12
================================================================================
[2026-04-14T16:15:16.280+0000] {manager.py:997} INFO - 
================================================================================
DAG File Processing Stats

File Path                                  PID  Runtime      # DAGs    # Errors  Last Runtime    Last Run               Last # of DB Queries
---------------------------------------  -----  ---------  --------  ----------  --------------  -------------------  ----------------------
/opt/airflow/dags/professor_pipeline.py    246  0.00s             1           0  0.13s           2026-04-14T16:14:46                      12
================================================================================
[2026-04-14T16:15:46.607+0000] {manager.py:997} INFO - 
================================================================================
DAG File Processing Stats

File Path                                  PID  Runtime      # DAGs    # Errors  Last Runtime    Last Run               Last # of DB Queries
---------------------------------------  -----  ---------  --------  ----------  --------------  -------------------  ----------------------
/opt/airflow/dags/professor_pipeline.py    251  0.00s             1           0  0.12s           2026-04-14T16:15:16                      12
================================================================================
[2026-04-14T16:16:16.936+0000] {manager.py:997} INFO - 
================================================================================
DAG File Processing Stats

File Path                                  PID  Runtime      # DAGs    # Errors  Last Runtime    Last Run               Last # of DB Queries
---------------------------------------  -----  ---------  --------  ----------  --------------  -------------------  ----------------------
/opt/airflow/dags/professor_pipeline.py    256  0.00s             1           0  0.12s           2026-04-14T16:15:46                      12
================================================================================
[2026-04-14T16:16:47.258+0000] {manager.py:997} INFO - 
================================================================================
DAG File Processing Stats

File Path                                  PID  Runtime      # DAGs    # Errors  Last Runtime    Last Run               Last # of DB Queries
---------------------------------------  -----  ---------  --------  ----------  --------------  -------------------  ----------------------
/opt/airflow/dags/professor_pipeline.py    261  0.00s             1           0  0.12s           2026-04-14T16:16:17                      12
================================================================================
[2026-04-14T16:17:17.600+0000] {manager.py:997} INFO - 
================================================================================
DAG File Processing Stats

File Path                                  PID  Runtime      # DAGs    # Errors  Last Runtime    Last Run               Last # of DB Queries
---------------------------------------  -----  ---------  --------  ----------  --------------  -------------------  ----------------------
/opt/airflow/dags/professor_pipeline.py    266  0.00s             1           0  0.11s           2026-04-14T16:16:47                      12
================================================================================
[2026-04-14T16:17:44.871+0000] {manager.py:821} INFO - Searching for files in /opt/airflow/dags
[2026-04-14T16:17:44.890+0000] {manager.py:824} INFO - There are 1 files in /opt/airflow/dags
[2026-04-14T16:17:47.929+0000] {manager.py:997} INFO - 
================================================================================
DAG File Processing Stats

File Path                                  PID  Runtime      # DAGs    # Errors  Last Runtime    Last Run               Last # of DB Queries
---------------------------------------  -----  ---------  --------  ----------  --------------  -------------------  ----------------------
/opt/airflow/dags/professor_pipeline.py    271  0.01s             1           0  0.11s           2026-04-14T16:17:17                      12
================================================================================
[2026-04-14T16:18:18.264+0000] {manager.py:997} INFO - 
================================================================================
DAG File Processing Stats

File Path                                  PID  Runtime      # DAGs    # Errors  Last Runtime    Last Run               Last # of DB Queries
---------------------------------------  -----  ---------  --------  ----------  --------------  -------------------  ----------------------
/opt/airflow/dags/professor_pipeline.py    276  0.00s             1           0  0.13s           2026-04-14T16:17:48                      12
================================================================================
[2026-04-14T16:18:48.602+0000] {manager.py:997} INFO - 
================================================================================
DAG File Processing Stats

File Path                                  PID  Runtime      # DAGs    # Errors  Last Runtime    Last Run               Last # of DB Queries
---------------------------------------  -----  ---------  --------  ----------  --------------  -------------------  ----------------------
/opt/airflow/dags/professor_pipeline.py    281  0.00s             1           0  0.11s           2026-04-14T16:18:18                      12
================================================================================
[2026-04-14T16:19:18.919+0000] {manager.py:997} INFO - 
================================================================================
DAG File Processing Stats

File Path                                  PID  Runtime      # DAGs    # Errors  Last Runtime    Last Run               Last # of DB Queries
---------------------------------------  -----  ---------  --------  ----------  --------------  -------------------  ----------------------
/opt/airflow/dags/professor_pipeline.py    286  0.00s             1           0  0.11s           2026-04-14T16:18:48                      12
================================================================================
[2026-04-14T16:19:49.235+0000] {manager.py:997} INFO - 
================================================================================
DAG File Processing Stats

File Path                                  PID  Runtime      # DAGs    # Errors  Last Runtime    Last Run               Last # of DB Queries
---------------------------------------  -----  ---------  --------  ----------  --------------  -------------------  ----------------------
/opt/airflow/dags/professor_pipeline.py    291  0.00s             1           0  0.11s           2026-04-14T16:19:19                      12
================================================================================
[2026-04-14T16:20:19.565+0000] {manager.py:997} INFO - 
================================================================================
DAG File Processing Stats

File Path                                  PID  Runtime      # DAGs    # Errors  Last Runtime    Last Run               Last # of DB Queries
---------------------------------------  -----  ---------  --------  ----------  --------------  -------------------  ----------------------
/opt/airflow/dags/professor_pipeline.py    296  0.00s             1           0  0.11s           2026-04-14T16:19:49                      12
================================================================================
[2026-04-14T16:20:49.860+0000] {manager.py:997} INFO - 
================================================================================
DAG File Processing Stats

File Path                                  PID  Runtime      # DAGs    # Errors  Last Runtime    Last Run               Last # of DB Queries
---------------------------------------  -----  ---------  --------  ----------  --------------  -------------------  ----------------------
/opt/airflow/dags/professor_pipeline.py    301  0.00s             1           0  0.12s           2026-04-14T16:20:19                      12
================================================================================
[2026-04-14T16:21:20.227+0000] {manager.py:997} INFO - 
================================================================================
DAG File Processing Stats

File Path                                  PID  Runtime      # DAGs    # Errors  Last Runtime    Last Run               Last # of DB Queries
---------------------------------------  -----  ---------  --------  ----------  --------------  -------------------  ----------------------
/opt/airflow/dags/professor_pipeline.py    306  0.00s             1           0  0.11s           2026-04-14T16:20:49                      12
================================================================================
[2026-04-14T16:21:50.558+0000] {manager.py:997} INFO - 
================================================================================
DAG File Processing Stats

File Path                                  PID  Runtime      # DAGs    # Errors  Last Runtime    Last Run               Last # of DB Queries
---------------------------------------  -----  ---------  --------  ----------  --------------  -------------------  ----------------------
/opt/airflow/dags/professor_pipeline.py    311  0.00s             1           0  0.11s           2026-04-14T16:21:20                      12
================================================================================
[2026-04-14T16:22:20.875+0000] {manager.py:997} INFO - 
================================================================================
DAG File Processing Stats

File Path                                  PID  Runtime      # DAGs    # Errors  Last Runtime    Last Run               Last # of DB Queries
---------------------------------------  -----  ---------  --------  ----------  --------------  -------------------  ----------------------
/opt/airflow/dags/professor_pipeline.py    316  0.00s             1           0  0.11s           2026-04-14T16:21:50                      12
================================================================================
[2026-04-14T16:22:45.150+0000] {manager.py:821} INFO - Searching for files in /opt/airflow/dags
[2026-04-14T16:22:45.167+0000] {manager.py:824} INFO - There are 1 files in /opt/airflow/dags
[2026-04-14T16:22:51.217+0000] {manager.py:997} INFO - 
================================================================================
DAG File Processing Stats

File Path                                  PID  Runtime      # DAGs    # Errors  Last Runtime    Last Run               Last # of DB Queries
---------------------------------------  -----  ---------  --------  ----------  --------------  -------------------  ----------------------
/opt/airflow/dags/professor_pipeline.py    321  0.00s             1           0  0.11s           2026-04-14T16:22:20                      12
================================================================================
[2026-04-14T16:23:21.533+0000] {manager.py:997} INFO - 
================================================================================
DAG File Processing Stats

File Path                                  PID  Runtime      # DAGs    # Errors  Last Runtime    Last Run               Last # of DB Queries
---------------------------------------  -----  ---------  --------  ----------  --------------  -------------------  ----------------------
/opt/airflow/dags/professor_pipeline.py    326  0.00s             1           0  0.14s           2026-04-14T16:22:51                      12
================================================================================
[2026-04-14T16:23:51.889+0000] {manager.py:997} INFO - 
================================================================================
DAG File Processing Stats

File Path                                  PID  Runtime      # DAGs    # Errors  Last Runtime    Last Run               Last # of DB Queries
---------------------------------------  -----  ---------  --------  ----------  --------------  -------------------  ----------------------
/opt/airflow/dags/professor_pipeline.py    331  0.00s             1           0  0.16s           2026-04-14T16:23:21                      12
================================================================================
[2026-04-14T16:24:22.230+0000] {manager.py:997} INFO - 
================================================================================
DAG File Processing Stats

File Path                                  PID  Runtime      # DAGs    # Errors  Last Runtime    Last Run               Last # of DB Queries
---------------------------------------  -----  ---------  --------  ----------  --------------  -------------------  ----------------------
/opt/airflow/dags/professor_pipeline.py    336  0.00s             1           0  0.11s           2026-04-14T16:23:51                      12
================================================================================
[2026-04-14T16:24:52.545+0000] {manager.py:997} INFO - 
================================================================================
DAG File Processing Stats

File Path                                  PID  Runtime      # DAGs    # Errors  Last Runtime    Last Run               Last # of DB Queries
---------------------------------------  -----  ---------  --------  ----------  --------------  -------------------  ----------------------
/opt/airflow/dags/professor_pipeline.py    341  0.00s             1           0  0.11s           2026-04-14T16:24:22                      12
================================================================================
[2026-04-14T16:25:22.867+0000] {manager.py:997} INFO - 
================================================================================
DAG File Processing Stats

File Path                                  PID  Runtime      # DAGs    # Errors  Last Runtime    Last Run               Last # of DB Queries
---------------------------------------  -----  ---------  --------  ----------  --------------  -------------------  ----------------------
/opt/airflow/dags/professor_pipeline.py    346  0.01s             1           0  0.11s           2026-04-14T16:24:52                      12
================================================================================
[2026-04-14T16:25:53.203+0000] {manager.py:997} INFO - 
================================================================================
DAG File Processing Stats

File Path                                  PID  Runtime      # DAGs    # Errors  Last Runtime    Last Run               Last # of DB Queries
---------------------------------------  -----  ---------  --------  ----------  --------------  -------------------  ----------------------
/opt/airflow/dags/professor_pipeline.py    351  0.00s             1           0  0.12s           2026-04-14T16:25:22                      12
================================================================================
[2026-04-14T16:26:23.511+0000] {manager.py:997} INFO - 
================================================================================
DAG File Processing Stats

File Path                                  PID  Runtime      # DAGs    # Errors  Last Runtime    Last Run               Last # of DB Queries
---------------------------------------  -----  ---------  --------  ----------  --------------  -------------------  ----------------------
/opt/airflow/dags/professor_pipeline.py    356  0.00s             1           0  0.10s           2026-04-14T16:25:53                      12
================================================================================
[2026-04-14T16:26:53.826+0000] {manager.py:997} INFO - 
================================================================================
DAG File Processing Stats

File Path                                  PID  Runtime      # DAGs    # Errors  Last Runtime    Last Run               Last # of DB Queries
---------------------------------------  -----  ---------  --------  ----------  --------------  -------------------  ----------------------
/opt/airflow/dags/professor_pipeline.py    361  0.00s             1           0  0.11s           2026-04-14T16:26:23                      12
================================================================================
[2026-04-14T16:27:24.137+0000] {manager.py:997} INFO - 
================================================================================
DAG File Processing Stats

File Path                                  PID  Runtime      # DAGs    # Errors  Last Runtime    Last Run               Last # of DB Queries
---------------------------------------  -----  ---------  --------  ----------  --------------  -------------------  ----------------------
/opt/airflow/dags/professor_pipeline.py    366  0.01s             1           0  0.10s           2026-04-14T16:26:53                      12
================================================================================
[2026-04-14T16:27:45.414+0000] {manager.py:821} INFO - Searching for files in /opt/airflow/dags
[2026-04-14T16:27:45.434+0000] {manager.py:824} INFO - There are 1 files in /opt/airflow/dags
[2026-04-14T16:27:54.588+0000] {manager.py:997} INFO - 
================================================================================
DAG File Processing Stats

File Path                                  PID  Runtime      # DAGs    # Errors  Last Runtime    Last Run               Last # of DB Queries
---------------------------------------  -----  ---------  --------  ----------  --------------  -------------------  ----------------------
/opt/airflow/dags/professor_pipeline.py    371  0.02s             1           0  0.13s           2026-04-14T16:27:24                      12
================================================================================
[2026-04-14T16:28:24.902+0000] {manager.py:997} INFO - 
================================================================================
DAG File Processing Stats

File Path                                PID    Runtime      # DAGs    # Errors  Last Runtime    Last Run               Last # of DB Queries
---------------------------------------  -----  ---------  --------  ----------  --------------  -------------------  ----------------------
/opt/airflow/dags/professor_pipeline.py                           1           0  0.66s           2026-04-14T16:27:55                      12
================================================================================
